[2026-03-16T04:49:06.020Z] ACTION: PRICE_UPDATE | DETAILS: {"orderId":"ORD-2021","oldPrice":25,"newPrice":"110"}
[2026-03-16T05:24:21.517Z] ACTION: ADMIN_LOGIN | DETAILS: {"status":"SUCCESS"}
[2026-03-16T05:26:06.869Z] ACTION: IMEI_CHECK | DETAILS: {"imei":"359206289946428","model":"IPHONE 16,NAMM,128GB,UMRN","service":"1"}
[2026-03-16T05:43:41.204Z] ACTION: IMEI_CHECK | DETAILS: {"imei":"359206289946428","model":"IPHONE 16,NAMM,128GB,UMRN","service":"1"}
[2026-03-16T12:24:52.082Z] ACTION: IMEI_CHECK | DETAILS: {"imei":"359206289946428","model":"IPHONE 16,NAMM,128GB,UMRN","service":"1"}
[2026-03-17T05:02:05.455Z] ACTION: IMEI_CHECK | DETAILS: {"imei":"359206289946428","model":"IPHONE 16,NAMM,128GB,UMRN","service":"1"}
[2026-03-17T05:02:17.908Z] ACTION: IMEI_CHECK | DETAILS: {"imei":"359206289946428","model":"IPHONE 16,NAMM,128GB,UMRN","service":"1"}
[2026-03-17T05:10:52.397Z] ACTION: ADMIN_LOGIN | DETAILS: {"status":"SUCCESS"}
[2026-03-17T05:10:58.132Z] ACTION: STATUS_UPDATE | DETAILS: {"orderId":"ORD-1001","oldStatus":"success","newStatus":"success"}
[2026-03-17T05:11:03.022Z] ACTION: STATUS_UPDATE | DETAILS: {"orderId":"ORD-2000","oldStatus":"success","newStatus":"in process"}
[2026-03-17T05:11:09.460Z] ACTION: STATUS_UPDATE | DETAILS: {"orderId":"ORD-2002","oldStatus":"success","newStatus":"denied"}
[2026-03-17T05:11:14.460Z] ACTION: STATUS_UPDATE | DETAILS: {"orderId":"ORD-2003","oldStatus":"success","newStatus":"success"}
[2026-03-17T05:11:16.136Z] ACTION: STATUS_UPDATE | DETAILS: {"orderId":"ORD-2004","oldStatus":"success","newStatus":"in process"}
[2026-03-17T05:11:19.221Z] ACTION: STATUS_UPDATE | DETAILS: {"orderId":"ORD-2004","oldStatus":"in process","newStatus":"success"}
[2026-03-17T05:11:20.433Z] ACTION: STATUS_UPDATE | DETAILS: {"orderId":"ORD-2003","oldStatus":"success","newStatus":"in process"}
[2026-03-17T05:11:29.793Z] ACTION: STATUS_UPDATE | DETAILS: {"orderId":"ORD-2005","oldStatus":"success","newStatus":"in process"}
[2026-03-17T05:12:20.491Z] ACTION: STATUS_UPDATE | DETAILS: {"orderId":"ORD-2004","oldStatus":"success","newStatus":"in process"}
[2026-03-17T05:12:28.771Z] ACTION: STATUS_UPDATE | DETAILS: {"orderId":"ORD-2008","oldStatus":"success","newStatus":"denied"}
[2026-03-17T05:12:31.618Z] ACTION: STATUS_UPDATE | DETAILS: {"orderId":"ORD-2011","oldStatus":"success","newStatus":"denied"}
[2026-03-17T05:12:34.488Z] ACTION: STATUS_UPDATE | DETAILS: {"orderId":"ORD-2016","oldStatus":"success","newStatus":"denied"}
[2026-03-17T05:12:39.107Z] ACTION: STATUS_UPDATE | DETAILS: {"orderId":"ORD-2028","oldStatus":"success","newStatus":"denied"}
[2026-03-18T17:16:10.017Z] ACTION: IMEI_CHECK | DETAILS: {"imei":"351225969489263","model":"IPHONE 16 PRO,GLOBAL,256GB,TITANIUM"}
[2026-03-18T17:16:35.631Z] ACTION: ORDER_PLACED | DETAILS: {"id":"ORD-1682","isAdmin":false}
[2026-03-18T17:17:58.642Z] ACTION: ORDER_PLACED | DETAILS: {"id":"ORD-9636","isAdmin":false}
[2026-03-18T17:18:57.719Z] ACTION: IMEI_CHECK | DETAILS: {"imei":"351225969489263","model":"IPHONE 16 PRO,GLOBAL,256GB,TITANIUM"}
